2026-05-31 23:21:10,694 - 1 change detected
2026-05-31 23:21:11,312 - 1 change detected
2026-05-31 23:21:11,930 - 1 change detected
2026-05-31 23:21:12,587 - 1 change detected
2026-05-31 23:21:13,192 - 1 change detected
2026-05-31 23:21:13,795 - 1 change detected
2026-05-31 23:21:14,449 - 1 change detected
2026-05-31 23:21:15,068 - 1 change detected
2026-05-31 23:21:15,420 - 1 change detected
2026-05-31 23:21:15,785 - 1 change detected
2026-05-31 23:21:16,303 - 1 change detected
2026-05-31 23:21:16,910 - 1 change detected
2026-05-31 23:21:17,564 - 1 change detected
2026-05-31 23:21:18,231 - 1 change detected
2026-05-31 23:21:18,844 - 1 change detected
2026-05-31 23:21:19,499 - 1 change detected
2026-05-31 23:21:20,105 - 1 change detected
2026-05-31 23:21:20,422 - [TOTAL] GET / = 33.33ms
2026-05-31 23:21:20,474 - [TOTAL] GET /auth/me = 11.51ms
2026-05-31 23:21:20,711 - 1 change detected
2026-05-31 23:21:21,372 - 1 change detected
2026-05-31 23:21:21,975 - 1 change detected
2026-05-31 23:21:22,629 - 1 change detected
2026-05-31 23:21:23,238 - 1 change detected
2026-05-31 23:21:23,845 - 1 change detected
2026-05-31 23:21:24,507 - 1 change detected
2026-05-31 23:21:25,112 - 1 change detected
2026-05-31 23:21:25,775 - 1 change detected
2026-05-31 23:21:26,382 - 1 change detected
2026-05-31 23:21:26,991 - 1 change detected
2026-05-31 23:21:27,649 - 1 change detected
2026-05-31 23:21:28,252 - 1 change detected
2026-05-31 23:21:28,908 - 1 change detected
2026-05-31 23:21:29,119 - [TOTAL] POST /auth/token = 349.04ms
2026-05-31 23:21:29,186 - [TOTAL] GET /auth/me = 8.69ms
2026-05-31 23:21:29,514 - 1 change detected
2026-05-31 23:21:29,926 - 1 change detected
2026-05-31 23:21:30,281 - 1 change detected
2026-05-31 23:21:30,744 - 1 change detected
2026-05-31 23:21:31,102 - 1 change detected
2026-05-31 23:21:31,460 - 1 change detected
2026-05-31 23:21:31,969 - 1 change detected
2026-05-31 23:21:32,332 - 1 change detected
2026-05-31 23:21:32,690 - 1 change detected
2026-05-31 23:21:33,200 - 1 change detected
2026-05-31 23:21:33,560 - 1 change detected
2026-05-31 23:21:33,922 - 1 change detected
2026-05-31 23:21:34,487 - 1 change detected
2026-05-31 23:21:35,100 - 1 change detected
2026-05-31 23:21:35,707 - 1 change detected
2026-05-31 23:21:36,061 - 1 change detected
2026-05-31 23:21:36,426 - 1 change detected
2026-05-31 23:21:36,935 - 1 change detected
2026-05-31 23:21:37,591 - 1 change detected
2026-05-31 23:21:38,196 - 1 change detected
2026-05-31 23:21:38,856 - 1 change detected
2026-05-31 23:21:39,465 - 1 change detected
2026-05-31 23:21:40,131 - 1 change detected
2026-05-31 23:21:40,749 - 1 change detected
2026-05-31 23:21:40,905 - [DETAIL] /predict | model: 17.27ms | db: 16.97ms
2026-05-31 23:21:40,906 - [TOTAL] POST /predict = 40.77ms
2026-05-31 23:21:41,355 - 1 change detected
2026-05-31 23:21:41,911 - 1 change detected
2026-05-31 23:21:42,521 - 1 change detected
2026-05-31 23:21:43,131 - 1 change detected
2026-05-31 23:21:43,492 - 1 change detected
2026-05-31 23:21:43,850 - 1 change detected
2026-05-31 23:21:44,411 - 1 change detected
2026-05-31 23:21:45,026 - 1 change detected
2026-05-31 23:21:45,643 - 1 change detected
2026-05-31 23:21:46,302 - 1 change detected
2026-05-31 23:21:46,904 - 1 change detected
2026-05-31 23:21:47,522 - 1 change detected
2026-05-31 23:21:48,179 - 1 change detected
2026-05-31 23:21:48,785 - 1 change detected
2026-05-31 23:21:49,398 - 1 change detected
2026-05-31 23:21:50,064 - 1 change detected
2026-05-31 23:21:50,680 - 1 change detected
2026-05-31 23:21:51,293 - 1 change detected
2026-05-31 23:21:51,902 - 1 change detected
2026-05-31 23:21:52,511 - 1 change detected
2026-05-31 23:21:53,177 - 1 change detected
2026-05-31 23:21:53,791 - 1 change detected
2026-05-31 23:21:54,395 - 1 change detected
2026-05-31 23:21:55,009 - 1 change detected
2026-05-31 23:21:55,664 - 1 change detected
2026-05-31 23:21:56,270 - 1 change detected
2026-05-31 23:21:56,927 - 1 change detected
2026-05-31 23:21:57,532 - 1 change detected
2026-05-31 23:21:58,187 - 1 change detected
2026-05-31 23:21:58,845 - 1 change detected
2026-05-31 23:21:59,448 - 1 change detected
2026-05-31 23:22:00,055 - 1 change detected
2026-05-31 23:22:00,714 - 1 change detected
2026-05-31 23:22:01,317 - 1 change detected
2026-05-31 23:22:01,977 - 1 change detected
2026-05-31 23:22:02,581 - 1 change detected
2026-05-31 23:22:03,238 - 1 change detected
2026-05-31 23:22:03,858 - 1 change detected
2026-05-31 23:22:04,520 - 1 change detected
2026-05-31 23:22:05,124 - 1 change detected
2026-05-31 23:22:05,785 - 1 change detected
2026-05-31 23:22:06,403 - 1 change detected
2026-05-31 23:22:07,058 - 1 change detected
2026-05-31 23:22:07,674 - 1 change detected
2026-05-31 23:22:08,328 - 1 change detected
2026-05-31 23:22:08,933 - 1 change detected
2026-05-31 23:22:09,591 - 1 change detected
2026-05-31 23:22:10,210 - 1 change detected
2026-05-31 23:22:10,818 - 1 change detected
2026-05-31 23:22:11,431 - 1 change detected
2026-05-31 23:22:12,087 - 1 change detected
2026-05-31 23:22:12,693 - 1 change detected
2026-05-31 23:22:13,303 - 1 change detected
2026-05-31 23:22:13,962 - 1 change detected
2026-05-31 23:22:14,579 - 1 change detected
2026-05-31 23:22:15,184 - 1 change detected
2026-05-31 23:22:15,839 - 1 change detected
2026-05-31 23:22:16,442 - 1 change detected
2026-05-31 23:22:17,103 - 1 change detected
2026-05-31 23:22:17,720 - 1 change detected
2026-05-31 23:22:18,378 - 1 change detected
2026-05-31 23:22:18,981 - 1 change detected
2026-05-31 23:22:19,637 - 1 change detected
2026-05-31 23:22:20,292 - 1 change detected
2026-05-31 23:22:20,897 - 1 change detected
2026-05-31 23:22:21,507 - 1 change detected
2026-05-31 23:22:22,118 - 1 change detected
2026-05-31 23:22:22,726 - 1 change detected
2026-05-31 23:22:23,330 - 1 change detected
2026-05-31 23:22:23,941 - 1 change detected
2026-05-31 23:22:24,597 - 1 change detected
2026-05-31 23:22:25,208 - 1 change detected
2026-05-31 23:22:25,862 - 1 change detected
2026-05-31 23:22:26,469 - 1 change detected
2026-05-31 23:22:27,074 - 1 change detected
2026-05-31 23:22:27,726 - 1 change detected
2026-05-31 23:22:28,332 - 1 change detected
2026-05-31 23:22:28,948 - 1 change detected
2026-05-31 23:22:29,613 - 1 change detected
2026-05-31 23:22:30,230 - 1 change detected
2026-05-31 23:22:30,850 - 1 change detected
2026-05-31 23:22:31,504 - 1 change detected
2026-05-31 23:22:32,121 - 1 change detected
2026-05-31 23:22:32,725 - 1 change detected
2026-05-31 23:22:33,379 - 1 change detected
2026-05-31 23:22:33,996 - 1 change detected
2026-05-31 23:22:34,601 - 1 change detected
2026-05-31 23:22:35,256 - 1 change detected
2026-05-31 23:22:35,861 - 1 change detected
2026-05-31 23:22:36,464 - 1 change detected
2026-05-31 23:22:37,083 - 1 change detected
2026-05-31 23:22:37,739 - 1 change detected
2026-05-31 23:22:38,356 - 1 change detected
2026-05-31 23:22:38,972 - 1 change detected
2026-05-31 23:22:39,590 - 1 change detected
2026-05-31 23:22:40,195 - 1 change detected
2026-05-31 23:22:40,847 - 1 change detected
2026-05-31 23:22:41,464 - 1 change detected
2026-05-31 23:22:42,131 - 1 change detected
2026-05-31 23:22:42,745 - 1 change detected
2026-05-31 23:22:43,347 - 1 change detected
2026-05-31 23:22:43,953 - 1 change detected
2026-05-31 23:22:44,608 - 1 change detected
2026-05-31 23:22:45,226 - 1 change detected
2026-05-31 23:22:45,846 - 1 change detected
2026-05-31 23:22:46,451 - 1 change detected
2026-05-31 23:22:47,118 - 1 change detected
2026-05-31 23:22:47,734 - 1 change detected
2026-05-31 23:22:48,339 - 1 change detected
2026-05-31 23:22:48,944 - 1 change detected
2026-05-31 23:22:49,600 - 1 change detected
2026-05-31 23:22:50,215 - 1 change detected
2026-05-31 23:22:50,821 - 1 change detected
2026-05-31 23:22:51,426 - 1 change detected
2026-05-31 23:22:52,078 - 1 change detected
2026-05-31 23:22:52,439 - 1 change detected
2026-05-31 23:22:52,799 - 1 change detected
2026-05-31 23:22:53,365 - 1 change detected
2026-05-31 23:22:53,718 - 1 change detected
2026-05-31 23:22:54,081 - 1 change detected
2026-05-31 23:22:54,598 - 1 change detected
2026-05-31 23:22:55,255 - 1 change detected
2026-05-31 23:22:55,870 - 1 change detected
2026-05-31 23:22:56,477 - 1 change detected
2026-05-31 23:22:57,131 - 1 change detected
2026-05-31 23:22:57,747 - 1 change detected
2026-05-31 23:22:58,366 - 1 change detected
2026-05-31 23:22:58,984 - 1 change detected
2026-05-31 23:22:59,587 - 1 change detected
2026-05-31 23:23:00,255 - 1 change detected
2026-05-31 23:23:00,872 - 1 change detected
2026-05-31 23:23:01,490 - 1 change detected
2026-05-31 23:23:02,146 - 1 change detected
2026-05-31 23:23:02,762 - 1 change detected
2026-05-31 23:23:03,379 - 1 change detected
2026-05-31 23:23:03,981 - 1 change detected
2026-05-31 23:23:04,584 - 1 change detected
2026-05-31 23:23:04,788 - [DETAIL] /predict/batch | csv_read: 2.13ms | model: 15.05ms | db: 416.79ms
2026-05-31 23:23:04,797 - [TOTAL] POST /predict/batch = 445.67ms
2026-05-31 23:23:05,203 - 1 change detected
2026-05-31 23:23:05,820 - 1 change detected
2026-05-31 23:23:06,475 - 1 change detected
2026-05-31 23:23:07,091 - 1 change detected
2026-05-31 23:23:07,705 - 1 change detected
2026-05-31 23:23:08,061 - 1 change detected
2026-05-31 23:23:08,419 - 1 change detected
2026-05-31 23:23:09,026 - 1 change detected
2026-05-31 23:23:09,382 - 1 change detected
2026-05-31 23:23:09,743 - 1 change detected
2026-05-31 23:23:10,405 - 1 change detected
2026-05-31 23:23:10,769 - 1 change detected
2026-05-31 23:23:11,134 - 1 change detected
2026-05-31 23:23:11,637 - 1 change detected
2026-05-31 23:23:11,996 - 1 change detected
2026-05-31 23:23:12,360 - 1 change detected
2026-05-31 23:23:12,877 - 1 change detected
2026-05-31 23:23:13,235 - 1 change detected
2026-05-31 23:23:13,595 - 1 change detected
2026-05-31 23:23:14,151 - 1 change detected
2026-05-31 23:23:14,858 - 1 change detected
2026-05-31 23:23:15,466 - 1 change detected
2026-05-31 23:23:16,075 - 1 change detected
2026-05-31 23:23:16,730 - 1 change detected
2026-05-31 23:23:17,340 - 1 change detected
2026-05-31 23:23:17,998 - 1 change detected
2026-05-31 23:23:18,607 - 1 change detected
2026-05-31 23:23:19,223 - 1 change detected
2026-05-31 23:23:19,888 - 1 change detected
2026-05-31 23:23:20,496 - 1 change detected
2026-05-31 23:23:21,150 - 1 change detected
2026-05-31 23:23:21,761 - 1 change detected
2026-05-31 23:23:22,376 - 1 change detected
2026-05-31 23:23:22,990 - 1 change detected
2026-05-31 23:23:23,651 - 1 change detected
2026-05-31 23:23:24,259 - 1 change detected
2026-05-31 23:23:24,917 - 1 change detected
2026-05-31 23:23:25,532 - 1 change detected
2026-05-31 23:23:26,199 - 1 change detected
2026-05-31 23:23:26,805 - 1 change detected
2026-05-31 23:23:27,421 - 1 change detected
2026-05-31 23:23:28,031 - 1 change detected
2026-05-31 23:23:28,698 - 1 change detected
2026-05-31 23:23:29,303 - 1 change detected
2026-05-31 23:23:29,961 - 1 change detected
2026-05-31 23:23:30,572 - 1 change detected
2026-05-31 23:23:31,186 - 1 change detected
2026-05-31 23:23:31,796 - 1 change detected
2026-05-31 23:23:32,461 - 1 change detected
2026-05-31 23:23:33,078 - 1 change detected
2026-05-31 23:23:33,690 - 1 change detected
2026-05-31 23:23:34,343 - 1 change detected
2026-05-31 23:23:34,948 - 1 change detected
2026-05-31 23:23:35,558 - 1 change detected
2026-05-31 23:23:36,217 - 1 change detected
2026-05-31 23:23:36,828 - 1 change detected
2026-05-31 23:23:37,487 - 1 change detected
2026-05-31 23:23:38,099 - 1 change detected
2026-05-31 23:23:38,712 - 1 change detected
2026-05-31 23:23:39,367 - 1 change detected
2026-05-31 23:23:39,982 - 1 change detected
2026-05-31 23:23:40,590 - 1 change detected
2026-05-31 23:23:41,251 - 1 change detected
2026-05-31 23:23:41,863 - 1 change detected
2026-05-31 23:23:42,477 - 1 change detected
2026-05-31 23:23:43,139 - 1 change detected
2026-05-31 23:23:43,743 - 1 change detected
2026-05-31 23:23:44,407 - 1 change detected
2026-05-31 23:23:45,017 - 1 change detected
2026-05-31 23:23:45,629 - 1 change detected
2026-05-31 23:23:46,243 - 1 change detected
2026-05-31 23:23:46,899 - 1 change detected
2026-05-31 23:23:47,514 - 1 change detected
2026-05-31 23:23:47,979 - 1 change detected
2026-05-31 23:23:48,339 - 1 change detected
2026-05-31 23:23:48,804 - 1 change detected
2026-05-31 23:23:49,415 - 1 change detected
2026-05-31 23:23:49,769 - 1 change detected
2026-05-31 23:23:50,133 - 1 change detected
2026-05-31 23:23:50,750 - 1 change detected
2026-05-31 23:23:51,356 - 1 change detected
2026-05-31 23:23:51,722 - 1 change detected
2026-05-31 23:23:52,086 - 1 change detected
2026-05-31 23:23:52,591 - 1 change detected
2026-05-31 23:23:52,945 - 1 change detected
2026-05-31 23:23:53,308 - 1 change detected
2026-05-31 23:23:53,824 - 1 change detected
2026-05-31 23:23:54,183 - 1 change detected
2026-05-31 23:23:54,547 - 1 change detected
2026-05-31 23:23:55,063 - 1 change detected
2026-05-31 23:23:55,420 - 1 change detected
2026-05-31 23:23:55,786 - 1 change detected
2026-05-31 23:23:56,303 - 1 change detected
2026-05-31 23:23:56,659 - 1 change detected
2026-05-31 23:23:57,024 - 1 change detected
2026-05-31 23:23:57,538 - 1 change detected
2026-05-31 23:23:58,145 - 1 change detected
2026-05-31 23:23:58,763 - 1 change detected
2026-05-31 23:23:59,480 - 1 change detected
2026-05-31 23:24:00,144 - 1 change detected
2026-05-31 23:24:00,509 - 1 change detected
2026-05-31 23:24:00,875 - 1 change detected
2026-05-31 23:24:01,390 - 1 change detected
2026-05-31 23:24:01,747 - 1 change detected
2026-05-31 23:24:02,111 - 1 change detected
2026-05-31 23:24:02,628 - 1 change detected
2026-05-31 23:24:02,986 - 1 change detected
2026-05-31 23:24:03,351 - 1 change detected
2026-05-31 23:24:03,868 - 1 change detected
2026-05-31 23:24:04,228 - 1 change detected
2026-05-31 23:24:04,591 - 1 change detected
2026-05-31 23:24:05,107 - 1 change detected
2026-05-31 23:24:05,464 - 1 change detected
2026-05-31 23:24:05,827 - 1 change detected
2026-05-31 23:24:06,380 - 1 change detected
